---
source: tests/tests.rs
expression: formatted
input_file: tests/inputs-semicolons/function-call-3.lua
---
setmetatable({
	_words = words,
	_morewords = words,
	_evenmorewords = words,
	_words = words,
	_morewords = words,
	_evenmorewords = words,
}, Class);

foo(
	{
		foo = bar,
	},
	baz,
	{
		bar = baz,
	}
);

Roact.createElement("Frame", {
	foo = bar,
	bar = baz,
}, self.props[Roact.Children]);

