---
source: tests/tests.rs
expression: formatted
input_file: tests/inputs-semicolons/table-wrapping.lua
---
local foo = {
	{ "foobarbazfoobarbaz", "foobarbazfoobarbaz" },
	{ "foobarbazfoobarbaz", "foobarbazfoobarbaz" },
	{ "foobarbazfoobarbaz", "foobarbazfoobarbaz" },
	{ "foobarbazfoobarbaz", "foobarbazfoobarbaz" },
};

