---
source: tests/tests.rs
expression: formatted
input_file: tests/inputs-semicolons/function-call.lua
---
call("string");
call({ foo = "bar", baz = 1 });
call(x, y, z);

