---
source: tests/tests.rs
expression: formatted
input_file: tests/inputs-semicolons/indented-multiline-comments.lua
---
function foo()
	function bar()
		function baz()
			--[[
                comment
            ]]
			local x = 1;
		end
	end
end

