---
source: tests/tests.rs
expression: formatted
input_file: tests/inputs-semicolons/function-call-7.lua
---
-- https://github.com/JohnnyMorganz/StyLua/issues/298
do
	return Roact.createElement(StyleContext.Provider, {
		value = styleObject,
	}, Roact.oneChild(self.props[Roact.Children]));
end

