---
source: tests/tests.rs
expression: formatted
input_file: tests/inputs-semicolons/return-multiple-tables.lua
---
-- https://github.com/JohnnyMorganz/StyLua/issues/302
return {
	foo = bar,
	foo = bar,
	foo = bar,
	foo = bar,
	foo = bar,
	foo = bar,
	foo = bar,
	foo = bar,
}, {
	bar = baz,
	bar = baz,
	bar = baz,
	bar = baz,
	bar = baz,
	bar = baz,
	bar = baz,
	bar = baz,
};

