---
source: tests/tests.rs
expression: formatted
input_file: tests/inputs-semicolons/index-comments.lua
---
local x = foo[
	index -- test
];

foo[
	var -- string
] = baz;

local x = foo[
	x -- string
][y][z][
	p
	-- string
];

local x = foo[
	index --[[comment]]
];

