---
source: tests/tests.rs
expression: formatted
input_file: tests/inputs-semicolons/return-hanging-expression-2.lua
---
return cframe
	-- Clamp & transform into world space
	* Vector3.new(
		math.clamp(transform.X, -halfSize.X, halfSize.X),
		math.clamp(transform.Y, -halfSize.Y, halfSize.Y),
		math.clamp(transform.Z, -halfSize.Z, halfSize.Z)
	),
	cframe.Position;

