---
source: tests/tests.rs
expression: formatted
input_file: tests/inputs-semicolons/hang-binop.lua
---
local foo = x -- comment
				^ y -- comment
			% z -- comment
		- a -- comment
	<= b -- comment
	< c -- comment
	>= d;

